     1                                   ;Hello World Program - asmtutor.com
     2                                  ;Compile with: nasm -f elf helloworld.asm
     3                                  ;Link with (64 bit systems require elf_i386 option): ld -m elf_i386 helloworld.o -o helloworld
     4                                  ;Run with: ./helloworld
     5                                  
     6                                  SECTION .data
     7 00000000 48656C6C6F2C7A6576-     msg     db      'Hello,zev!', 0Ah     ; assign msg variable with your message string
     7 00000009 210A               
     8                                   
     9                                  SECTION .text
    10                                  global  _start
    11                                   
    12                                  _start:
    13                                   
    14 00000000 BA0B000000                  mov     edx, 11     ; number of bytes to write - one for each letter plus 0Ah (line feed character)
    15 00000005 B9[00000000]                mov     ecx, msg    ; move the memory address of our message string into ecx
    16 0000000A BB01000000                  mov     ebx, 1      ; write to the STDOUT file
    17 0000000F B804000000              	mov     eax, 4      ; invoke SYS_WRITE (kernel opcode 4)
    18 00000014 CD80                        int     80h
    19                                  
    20 00000016 BB00000000                  mov     ebx, 0      ; return 0 status on exit - 'No Errors'
    21 0000001B B801000000                  mov     eax, 1      ; invoke SYS_EXIT (kernel opcode 1)
    22 00000020 CD80                        int     80h
